W0930 15:44:12.304000 139769793507328 torch/distributed/run.py:757] 
W0930 15:44:12.304000 139769793507328 torch/distributed/run.py:757] *****************************************
W0930 15:44:12.304000 139769793507328 torch/distributed/run.py:757] Setting OMP_NUM_THREADS environment variable for each process to be 1 in default, to avoid your system being overloaded, please further tune the variable for optimal performance in your application as needed. 
W0930 15:44:12.304000 139769793507328 torch/distributed/run.py:757] *****************************************
[W CUDAAllocatorConfig.h:28] Warning: expandable_segments not supported on this platform (function operator())
📄 configs/kanana_8b_2b_3090x4_v4.yaml | step=baseline | run_id=kanana-8b-2b-v4
   Teacher: kakaocorp/kanana-1.5-8b-base (quant=bf16)
   Student: kakaocorp/kanana-1.5-2.1b-base
   kd_top_k=128, T=2.0, α=0.5, forward_kl/tokenmean
==================================================
STEP 3/5: Baseline Fine-tuning
==================================================
=== Baseline Fine-tuning (CE only) ===
Device: cuda:0
Student: kakaocorp/kanana-1.5-2.1b-base
lr=1e-05
Epochs: 4, Batch: 1, SeqLen: 256
==================================================
STEP 3/5: Baseline Fine-tuning
==================================================
=== Baseline Fine-tuning (CE only) ===
Device: cuda:1
Student: kakaocorp/kanana-1.5-2.1b-base
lr=1e-05
Epochs: 4, Batch: 1, SeqLen: 256
Map: 100%|██████████| 9000/9000 [00:05<00:00, 1544.76 examples/s]
Map: 100%|██████████| 9000/9000 [00:05<00:00, 1538.25 examples/s]
Map: 100%|██████████| 500/500 [00:00<00:00, 1412.65 examples/s]
Map: 100%|██████████| 500/500 [00:00<00:00, 1394.08 examples/s]
Map: 100%|██████████| 500/500 [00:00<00:00, 1323.54 examples/s]
Map: 100%|██████████| 500/500 [00:00<00:00, 1305.27 examples/s]
Saving the dataset (1/1 shards): 100%|██████████| 12243/12243 [00:00<00:00, 397354.09 examples/s]
Saving the dataset (1/1 shards): 100%|██████████| 12243/12243 [00:00<00:00, 394027.64 examples/s]
Saving the dataset (1/1 shards): 100%|██████████| 772/772 [00:00<00:00, 199237.18 examples/s]
Saving the dataset (1/1 shards): 100%|██████████| 772/772 [00:00<00:00, 194486.32 examples/s]
Saving the dataset (1/1 shards): 100%|██████████| 820/820 [00:00<00:00, 228815.73 examples/s]
Saving the dataset (1/1 shards): 100%|██████████| 820/820 [00:00<00:00, 222985.56 examples/s]
Train: 12243 samples
Val:   772 samples
Train: 12243 samples
Val:   772 samples
[Student (FT)]
  파라미터: 2,086,979,328 (학습 가능: 2,086,979,328)
  메모리: 4174.0 MB
  디바이스: cuda:0
--- Epoch 1/4 ---
Training: 100%|█████████▉| 6092/6122 [5:11:16<01:31,  3.06s/it, loss=2.5146]
Training: 100%|█████████▉| 6092/6122 [5:11:19<01:31,  3.06s/it, loss=2.4321]
Training: 100%|█████████▉| 6093/6122 [5:11:19<01:28,  3.06s/it, loss=2.4321]
Training: 100%|█████████▉| 6093/6122 [5:11:22<01:28,  3.06s/it, loss=1.8828]
Training: 100%|█████████▉| 6094/6122 [5:11:22<01:25,  3.06s/it, loss=1.8828]
Training: 100%|█████████▉| 6094/6122 [5:11:25<01:25,  3.06s/it, loss=2.6455]
Training: 100%|█████████▉| 6095/6122 [5:11:25<01:22,  3.06s/it, loss=2.6455]
Training: 100%|█████████▉| 6095/6122 [5:11:28<01:22,  3.06s/it, loss=2.7093]
Training: 100%|█████████▉| 6096/6122 [5:11:28<01:19,  3.06s/it, loss=2.7093]
Training: 100%|█████████▉| 6096/6122 [5:11:32<01:19,  3.06s/it, loss=2.2850]
Training: 100%|█████████▉| 6097/6122 [5:11:32<01:16,  3.06s/it, loss=2.2850]
Training: 100%|█████████▉| 6097/6122 [5:11:35<01:16,  3.06s/it, loss=2.5267]
Training: 100%|█████████▉| 6098/6122 [5:11:35<01:13,  3.06s/it, loss=2.5267]
Training: 100%|█████████▉| 6098/6122 [5:11:38<01:13,  3.06s/it, loss=1.9429]
Training: 100%|█████████▉| 6099/6122 [5:11:38<01:10,  3.07s/it, loss=1.9429]
Training: 100%|█████████▉| 6099/6122 [5:11:41<01:10,  3.07s/it, loss=1.5796]
Training: 100%|█████████▉| 6100/6122 [5:11:41<01:07,  3.07s/it, loss=1.5796]
Training: 100%|█████████▉| 6100/6122 [5:11:44<01:07,  3.07s/it, loss=1.1066]
Training: 100%|█████████▉| 6101/6122 [5:11:44<01:04,  3.07s/it, loss=1.1066]
Training: 100%|█████████▉| 6101/6122 [5:11:47<01:04,  3.07s/it, loss=0.6525]
Training: 100%|█████████▉| 6102/6122 [5:11:47<01:01,  3.06s/it, loss=0.6525]
Training: 100%|█████████▉| 6102/6122 [5:11:50<01:01,  3.06s/it, loss=1.9302]
Training: 100%|█████████▉| 6103/6122 [5:11:50<00:58,  3.06s/it, loss=1.9302]
Training: 100%|█████████▉| 6103/6122 [5:11:53<00:58,  3.06s/it, loss=1.6134]
Training: 100%|█████████▉| 6104/6122 [5:11:53<00:55,  3.06s/it, loss=1.6134]
Training: 100%|█████████▉| 6104/6122 [5:11:56<00:55,  3.06s/it, loss=1.3023]
Training: 100%|█████████▉| 6105/6122 [5:11:56<00:51,  3.06s/it, loss=1.3023]
Training: 100%|█████████▉| 6105/6122 [5:11:59<00:51,  3.06s/it, loss=2.1470]
Training: 100%|█████████▉| 6106/6122 [5:11:59<00:48,  3.05s/it, loss=2.1470]
Training: 100%|█████████▉| 6106/6122 [5:12:02<00:48,  3.05s/it, loss=1.1017]
Training: 100%|█████████▉| 6107/6122 [5:12:02<00:45,  3.05s/it, loss=1.1017]
Training: 100%|█████████▉| 6107/6122 [5:12:05<00:45,  3.05s/it, loss=2.0876]
Training: 100%|█████████▉| 6108/6122 [5:12:05<00:42,  3.06s/it, loss=2.0876]
Training: 100%|█████████▉| 6108/6122 [5:12:08<00:42,  3.06s/it, loss=2.0507]
Training: 100%|█████████▉| 6109/6122 [5:12:08<00:39,  3.06s/it, loss=2.0507]
Training: 100%|█████████▉| 6109/6122 [5:12:11<00:39,  3.06s/it, loss=2.6351]
Training: 100%|█████████▉| 6110/6122 [5:12:11<00:36,  3.06s/it, loss=2.6351]
Training: 100%|█████████▉| 6110/6122 [5:12:14<00:36,  3.06s/it, loss=1.9855]
Training: 100%|█████████▉| 6111/6122 [5:12:14<00:33,  3.06s/it, loss=1.9855]
Training: 100%|█████████▉| 6111/6122 [5:12:17<00:33,  3.06s/it, loss=2.0532]
Training: 100%|█████████▉| 6112/6122 [5:12:17<00:30,  3.06s/it, loss=2.0532]
Training: 100%|█████████▉| 6112/6122 [5:12:20<00:30,  3.06s/it, loss=2.7601]
Training: 100%|█████████▉| 6113/6122 [5:12:20<00:27,  3.06s/it, loss=2.7601]
Training: 100%|█████████▉| 6113/6122 [5:12:24<00:27,  3.06s/it, loss=2.0406]
Training: 100%|█████████▉| 6114/6122 [5:12:24<00:24,  3.06s/it, loss=2.0406]
Training: 100%|█████████▉| 6114/6122 [5:12:27<00:24,  3.06s/it, loss=2.7679]
Training: 100%|█████████▉| 6115/6122 [5:12:27<00:21,  3.06s/it, loss=2.7679]
Training: 100%|█████████▉| 6115/6122 [5:12:30<00:21,  3.06s/it, loss=2.6454]
Training: 100%|█████████▉| 6116/6122 [5:12:30<00:18,  3.06s/it, loss=2.6454]
Training: 100%|█████████▉| 6116/6122 [5:12:33<00:18,  3.06s/it, loss=1.5759]
Training: 100%|█████████▉| 6117/6122 [5:12:33<00:15,  3.06s/it, loss=1.5759]
Training: 100%|█████████▉| 6117/6122 [5:12:36<00:15,  3.06s/it, loss=2.0928]
Training: 100%|█████████▉| 6118/6122 [5:12:36<00:12,  3.06s/it, loss=2.0928]
Training: 100%|█████████▉| 6118/6122 [5:12:39<00:12,  3.06s/it, loss=2.5708]
Training: 100%|█████████▉| 6119/6122 [5:12:39<00:09,  3.06s/it, loss=2.5708]
Training: 100%|█████████▉| 6119/6122 [5:12:42<00:09,  3.06s/it, loss=2.0617]
Training: 100%|█████████▉| 6120/6122 [5:12:42<00:06,  3.06s/it, loss=2.0617]
Training: 100%|█████████▉| 6120/6122 [5:12:45<00:06,  3.06s/it, loss=2.6904]
Training: 100%|█████████▉| 6121/6122 [5:12:45<00:03,  3.06s/it, loss=2.6904]
Training: 100%|█████████▉| 6121/6122 [5:12:48<00:03,  3.06s/it, loss=3.9445]
Training: 100%|██████████| 6122/6122 [5:12:48<00:00,  3.07s/it, loss=3.9445]
Validation: 100%|█████████▉| 385/386 [00:13<00:00, 29.59it/s]
  Train CE Loss: 2.0123
  Val CE Loss:   2.0541
  Time: 18781.9s
  ✅ Best model saved → results/kanana/checkpoints/kanana-8b-2b-v4/student_ft_best.pt
--- Epoch 2/4 ---
Training: 100%|█████████▉| 6092/6122 [5:15:04<01:33,  3.11s/it, loss=1.4509]
Training: 100%|█████████▉| 6092/6122 [5:15:07<01:33,  3.11s/it, loss=2.0775]
Training: 100%|█████████▉| 6093/6122 [5:15:07<01:30,  3.11s/it, loss=2.0775]
Training: 100%|█████████▉| 6093/6122 [5:15:11<01:30,  3.11s/it, loss=2.2010]
Training: 100%|█████████▉| 6094/6122 [5:15:11<01:26,  3.10s/it, loss=2.2010]
Training: 100%|█████████▉| 6094/6122 [5:15:14<01:26,  3.10s/it, loss=1.1993]
Training: 100%|█████████▉| 6095/6122 [5:15:14<01:23,  3.11s/it, loss=1.1993]
Training: 100%|█████████▉| 6095/6122 [5:15:17<01:23,  3.11s/it, loss=1.2832]
Training: 100%|█████████▉| 6096/6122 [5:15:17<01:20,  3.11s/it, loss=1.2832]
Training: 100%|█████████▉| 6096/6122 [5:15:20<01:20,  3.11s/it, loss=1.5450]
Training: 100%|█████████▉| 6097/6122 [5:15:20<01:17,  3.11s/it, loss=1.5450]
Training: 100%|█████████▉| 6097/6122 [5:15:23<01:17,  3.11s/it, loss=2.4263]
Training: 100%|█████████▉| 6098/6122 [5:15:23<01:14,  3.10s/it, loss=2.4263]
Training: 100%|█████████▉| 6098/6122 [5:15:26<01:14,  3.10s/it, loss=2.3333]
Training: 100%|█████████▉| 6099/6122 [5:15:26<01:11,  3.10s/it, loss=2.3333]
Training: 100%|█████████▉| 6099/6122 [5:15:29<01:11,  3.10s/it, loss=1.1169]
Training: 100%|█████████▉| 6100/6122 [5:15:29<01:08,  3.10s/it, loss=1.1169]
Training: 100%|█████████▉| 6100/6122 [5:15:32<01:08,  3.10s/it, loss=0.9457]
Training: 100%|█████████▉| 6101/6122 [5:15:32<01:05,  3.11s/it, loss=0.9457]
Training: 100%|█████████▉| 6101/6122 [5:15:35<01:05,  3.11s/it, loss=1.2085]
Training: 100%|█████████▉| 6102/6122 [5:15:35<01:02,  3.10s/it, loss=1.2085]
Training: 100%|█████████▉| 6102/6122 [5:15:39<01:02,  3.10s/it, loss=1.2209]
Training: 100%|█████████▉| 6103/6122 [5:15:39<00:59,  3.11s/it, loss=1.2209]
Training: 100%|█████████▉| 6103/6122 [5:15:42<00:59,  3.11s/it, loss=1.7700]
Training: 100%|█████████▉| 6104/6122 [5:15:42<00:55,  3.10s/it, loss=1.7700]
Training: 100%|█████████▉| 6104/6122 [5:15:45<00:55,  3.10s/it, loss=2.0832]
Training: 100%|█████████▉| 6105/6122 [5:15:45<00:52,  3.11s/it, loss=2.0832]
Training: 100%|█████████▉| 6105/6122 [5:15:48<00:52,  3.11s/it, loss=0.6901]
Training: 100%|█████████▉| 6106/6122 [5:15:48<00:49,  3.10s/it, loss=0.6901]
Training: 100%|█████████▉| 6106/6122 [5:15:51<00:49,  3.10s/it, loss=1.2317]
Training: 100%|█████████▉| 6107/6122 [5:15:51<00:46,  3.10s/it, loss=1.2317]
Training: 100%|█████████▉| 6107/6122 [5:15:54<00:46,  3.10s/it, loss=1.5741]
Training: 100%|█████████▉| 6108/6122 [5:15:54<00:43,  3.10s/it, loss=1.5741]
Training: 100%|█████████▉| 6108/6122 [5:15:57<00:43,  3.10s/it, loss=1.5274]
Training: 100%|█████████▉| 6109/6122 [5:15:57<00:40,  3.11s/it, loss=1.5274]
Training: 100%|█████████▉| 6109/6122 [5:16:00<00:40,  3.11s/it, loss=1.1115]
Training: 100%|█████████▉| 6110/6122 [5:16:00<00:37,  3.10s/it, loss=1.1115]
Training: 100%|█████████▉| 6110/6122 [5:16:03<00:37,  3.10s/it, loss=1.0488]
Training: 100%|█████████▉| 6111/6122 [5:16:03<00:34,  3.11s/it, loss=1.0488]
Training: 100%|█████████▉| 6111/6122 [5:16:06<00:34,  3.11s/it, loss=1.5122]
Training: 100%|█████████▉| 6112/6122 [5:16:06<00:31,  3.11s/it, loss=1.5122]
Training: 100%|█████████▉| 6112/6122 [5:16:10<00:31,  3.11s/it, loss=0.3453]
Training: 100%|█████████▉| 6113/6122 [5:16:10<00:27,  3.11s/it, loss=0.3453]
Training: 100%|█████████▉| 6113/6122 [5:16:13<00:27,  3.11s/it, loss=1.7606]
Training: 100%|█████████▉| 6114/6122 [5:16:13<00:24,  3.10s/it, loss=1.7606]
Training: 100%|█████████▉| 6114/6122 [5:16:16<00:24,  3.10s/it, loss=1.1194]
Training: 100%|█████████▉| 6115/6122 [5:16:16<00:21,  3.11s/it, loss=1.1194]
Training: 100%|█████████▉| 6115/6122 [5:16:19<00:21,  3.11s/it, loss=1.1249]
Training: 100%|█████████▉| 6116/6122 [5:16:19<00:18,  3.10s/it, loss=1.1249]
Training: 100%|█████████▉| 6116/6122 [5:16:22<00:18,  3.10s/it, loss=1.6180]
Training: 100%|█████████▉| 6117/6122 [5:16:22<00:15,  3.11s/it, loss=1.6180]
Training: 100%|█████████▉| 6117/6122 [5:16:25<00:15,  3.11s/it, loss=1.0983]
Training: 100%|█████████▉| 6118/6122 [5:16:25<00:12,  3.10s/it, loss=1.0983]
Training: 100%|█████████▉| 6118/6122 [5:16:28<00:12,  3.10s/it, loss=1.6995]
Training: 100%|█████████▉| 6119/6122 [5:16:28<00:09,  3.10s/it, loss=1.6995]
Training: 100%|█████████▉| 6119/6122 [5:16:31<00:09,  3.10s/it, loss=1.7678]
Training: 100%|█████████▉| 6120/6122 [5:16:31<00:06,  3.10s/it, loss=1.7678]
Training: 100%|█████████▉| 6120/6122 [5:16:34<00:06,  3.10s/it, loss=1.2668]
Training: 100%|█████████▉| 6121/6122 [5:16:34<00:03,  3.10s/it, loss=1.2668]
Training: 100%|█████████▉| 6121/6122 [5:16:38<00:03,  3.10s/it, loss=4.5732]
Training: 100%|██████████| 6122/6122 [5:16:38<00:00,  3.16s/it, loss=4.5732]
Validation: 100%|██████████| 386/386 [00:13<00:00, 30.29it/s]
  Train CE Loss: 1.4412
  Val CE Loss:   2.1345
  Time: 19011.5s
  ⏹ Early stopping: validation CE did not improve for 1 epoch(s).
학습 로그 저장 → results/kanana/logs/kanana-8b-2b-v4/baseline_history.json
✅ 파이프라인 완료!
   결과: results/kanana/logs/kanana-8b-2b-v4
   차트: results/kanana/figures/kanana-8b-2b-v4
