Map: 100%|██████████| 9000/9000 [00:05<00:00, 1493.76 examples/s]
Map: 100%|██████████| 9000/9000 [00:05<00:00, 1532.97 examples/s]
Map: 100%|██████████| 500/500 [00:00<00:00, 1394.69 examples/s]
Map: 100%|██████████| 500/500 [00:00<00:00, 1376.02 examples/s]
Map: 100%|██████████| 500/500 [00:00<00:00, 1265.81 examples/s]
Map: 100%|██████████| 500/500 [00:00<00:00, 1249.70 examples/s]
Test set: 820 chunks
NLL: 100%|█████████▉| 816/820 [01:59<00:00,  6.81it/s]
NLL: 100%|█████████▉| 817/820 [02:00<00:00,  6.81it/s]
NLL: 100%|█████████▉| 818/820 [02:00<00:00,  6.81it/s]
NLL: 100%|█████████▉| 819/820 [02:00<00:00,  6.81it/s]
NLL: 100%|██████████| 820/820 [02:00<00:00,  6.81it/s]
  Student (Base)             PPL 8.1350
NLL: 100%|█████████▉| 816/820 [01:59<00:00,  6.81it/s]
NLL: 100%|█████████▉| 817/820 [01:59<00:00,  6.81it/s]
NLL: 100%|█████████▉| 818/820 [02:00<00:00,  6.81it/s]
NLL: 100%|█████████▉| 819/820 [02:00<00:00,  6.81it/s]
NLL: 100%|██████████| 820/820 [02:00<00:00,  6.81it/s]
  Student (FT)               PPL 7.3415
NLL: 100%|█████████▉| 816/820 [01:59<00:00,  6.81it/s]
NLL: 100%|█████████▉| 817/820 [02:00<00:00,  6.81it/s]
NLL: 100%|█████████▉| 818/820 [02:00<00:00,  6.81it/s]
NLL: 100%|█████████▉| 819/820 [02:00<00:00,  6.81it/s]
NLL: 100%|██████████| 820/820 [02:00<00:00,  6.81it/s]
  Student (KD)               PPL 6.9285
paired bootstrap (10,000회, chunk 820개 복원추출)
A                         B                          PPL(A)-PPL(B)                95% CI   P(A<B)  chunk A<B
Student (KD)              Student (FT)                     -0.4129    [-0.4504, -0.3772]    1.000   668/820
Student (KD)              Student (Base)                   -1.2065    [-1.3736, -1.0377]    1.000   476/820
Student (FT)              Student (Base)                   -0.7935    [-0.9591, -0.6180]    1.000   419/820
저장 → results/kanana/logs/kanana-8b-2b-v4/paired_bootstrap.json
CI 가 0 을 포함하면 두 모델의 PPL 차이는 test chunk 구성에 따른 흔들림과 구분되지 않는다.
