W1001 04:01:18.013000 139675745443840 torch/distributed/run.py:757] 
W1001 04:01:18.013000 139675745443840 torch/distributed/run.py:757] *****************************************
W1001 04:01:18.013000 139675745443840 torch/distributed/run.py:757] Setting OMP_NUM_THREADS environment variable for each process to be 1 in default, to avoid your system being overloaded, please further tune the variable for optimal performance in your application as needed. 
W1001 04:01:18.013000 139675745443840 torch/distributed/run.py:757] *****************************************
[W CUDAAllocatorConfig.h:28] Warning: expandable_segments not supported on this platform (function operator())
📄 configs/kanana_8b_2b_3090x4_v4.yaml | step=distill | run_id=kanana-8b-2b-v4
   Teacher: kakaocorp/kanana-1.5-8b-base (quant=bf16)
   Student: kakaocorp/kanana-1.5-2.1b-base
   kd_top_k=128, T=2.0, α=0.5, forward_kl/tokenmean
==================================================
STEP 2/5: Knowledge Distillation
==================================================
=== Knowledge Distillation ===
Device: cuda:0
Teacher: kakaocorp/kanana-1.5-8b-base → Student: kakaocorp/kanana-1.5-2.1b-base
T=2.0, α=0.5, lr=1e-05
Epochs: 4, Batch: 1, SeqLen: 256
==================================================
STEP 2/5: Knowledge Distillation
==================================================
=== Knowledge Distillation ===
Device: cuda:1
Teacher: kakaocorp/kanana-1.5-8b-base → Student: kakaocorp/kanana-1.5-2.1b-base
T=2.0, α=0.5, lr=1e-05
Epochs: 4, Batch: 1, SeqLen: 256
Map: 100%|██████████| 9000/9000 [00:05<00:00, 1551.56 examples/s]
Map: 100%|██████████| 9000/9000 [00:05<00:00, 1562.08 examples/s]
Map: 100%|██████████| 500/500 [00:00<00:00, 1401.13 examples/s]
Map: 100%|██████████| 500/500 [00:00<00:00, 1382.48 examples/s]
Map: 100%|██████████| 500/500 [00:00<00:00, 1316.40 examples/s]
Map: 100%|██████████| 500/500 [00:00<00:00, 1299.23 examples/s]
Saving the dataset (1/1 shards): 100%|██████████| 12243/12243 [00:00<00:00, 408880.27 examples/s]
Saving the dataset (1/1 shards): 100%|██████████| 12243/12243 [00:00<00:00, 405711.18 examples/s]
Saving the dataset (0/1 shards): 100%|██████████| 772/772 [00:00<00:00, 4705.39 examples/s]
Saving the dataset (1/1 shards): 100%|██████████| 772/772 [00:00<00:00, 4705.39 examples/s]
Saving the dataset (1/1 shards): 100%|██████████| 772/772 [00:00<00:00, 4693.02 examples/s]
Saving the dataset (1/1 shards): 100%|██████████| 820/820 [00:00<00:00, 201909.67 examples/s]
Saving the dataset (1/1 shards): 100%|██████████| 820/820 [00:00<00:00, 197243.18 examples/s]
Train: 12243 samples
Val:   772 samples
Train: 12243 samples
Val:   772 samples
Loading checkpoint shards: 100%|██████████| 4/4 [00:00<00:00, 101.52it/s]
Loading checkpoint shards: 100%|██████████| 4/4 [00:00<00:00, 98.67it/s]
  ✅ Teacher LoRA adapter 로드 → results/kanana/checkpoints/kanana-8b-2b-v4/teacher_ft_best_adapter
[Teacher]
  파라미터: 8,030,261,248 (학습 가능: 0)
  메모리: 16060.5 MB
  디바이스: cuda:2
[Student]
  파라미터: 2,086,979,328 (학습 가능: 2,086,979,328)
  메모리: 4174.0 MB
  디바이스: cuda:0
--- Epoch 1/4 ---
Training: 100%|█████████▉| 6092/6122 [5:18:51<01:34,  3.14s/it, ce=2.4126, kd=0.5707, loss=1.4916]
Training: 100%|█████████▉| 6092/6122 [5:18:54<01:34,  3.14s/it, ce=2.3564, kd=0.7712, loss=1.5638]
Training: 100%|█████████▉| 6093/6122 [5:18:54<01:31,  3.14s/it, ce=2.3564, kd=0.7712, loss=1.5638]
Training: 100%|█████████▉| 6093/6122 [5:18:57<01:31,  3.14s/it, ce=1.7631, kd=0.5734, loss=1.1683]
Training: 100%|█████████▉| 6094/6122 [5:18:57<01:27,  3.14s/it, ce=1.7631, kd=0.5734, loss=1.1683]
Training: 100%|█████████▉| 6094/6122 [5:19:00<01:27,  3.14s/it, ce=2.5815, kd=0.5497, loss=1.5656]
Training: 100%|█████████▉| 6095/6122 [5:19:00<01:24,  3.14s/it, ce=2.5815, kd=0.5497, loss=1.5656]
Training: 100%|█████████▉| 6095/6122 [5:19:04<01:24,  3.14s/it, ce=2.4943, kd=0.6520, loss=1.5731]
Training: 100%|█████████▉| 6096/6122 [5:19:04<01:21,  3.14s/it, ce=2.4943, kd=0.6520, loss=1.5731]
Training: 100%|█████████▉| 6096/6122 [5:19:07<01:21,  3.14s/it, ce=2.2768, kd=0.5476, loss=1.4122]
Training: 100%|█████████▉| 6097/6122 [5:19:07<01:18,  3.14s/it, ce=2.2768, kd=0.5476, loss=1.4122]
Training: 100%|█████████▉| 6097/6122 [5:19:10<01:18,  3.14s/it, ce=2.4364, kd=0.6142, loss=1.5253]
Training: 100%|█████████▉| 6098/6122 [5:19:10<01:15,  3.14s/it, ce=2.4364, kd=0.6142, loss=1.5253]
Training: 100%|█████████▉| 6098/6122 [5:19:13<01:15,  3.14s/it, ce=1.9110, kd=0.6357, loss=1.2734]
Training: 100%|█████████▉| 6099/6122 [5:19:13<01:12,  3.14s/it, ce=1.9110, kd=0.6357, loss=1.2734]
Training: 100%|█████████▉| 6099/6122 [5:19:16<01:12,  3.14s/it, ce=1.5521, kd=0.5061, loss=1.0291]
Training: 100%|█████████▉| 6100/6122 [5:19:16<01:09,  3.14s/it, ce=1.5521, kd=0.5061, loss=1.0291]
Training: 100%|█████████▉| 6100/6122 [5:19:19<01:09,  3.14s/it, ce=1.1775, kd=0.6493, loss=0.9134]
Training: 100%|█████████▉| 6101/6122 [5:19:19<01:05,  3.14s/it, ce=1.1775, kd=0.6493, loss=0.9134]
Training: 100%|█████████▉| 6101/6122 [5:19:22<01:05,  3.14s/it, ce=0.6617, kd=0.4687, loss=0.5652]
Training: 100%|█████████▉| 6102/6122 [5:19:22<01:02,  3.14s/it, ce=0.6617, kd=0.4687, loss=0.5652]
Training: 100%|█████████▉| 6102/6122 [5:19:26<01:02,  3.14s/it, ce=1.8850, kd=0.5488, loss=1.2169]
Training: 100%|█████████▉| 6103/6122 [5:19:26<00:59,  3.14s/it, ce=1.8850, kd=0.5488, loss=1.2169]
Training: 100%|█████████▉| 6103/6122 [5:19:29<00:59,  3.14s/it, ce=1.4261, kd=1.1162, loss=1.2711]
Training: 100%|█████████▉| 6104/6122 [5:19:29<00:56,  3.14s/it, ce=1.4261, kd=1.1162, loss=1.2711]
Training: 100%|█████████▉| 6104/6122 [5:19:32<00:56,  3.14s/it, ce=1.3626, kd=0.5898, loss=0.9762]
Training: 100%|█████████▉| 6105/6122 [5:19:32<00:53,  3.14s/it, ce=1.3626, kd=0.5898, loss=0.9762]
Training: 100%|█████████▉| 6105/6122 [5:19:35<00:53,  3.14s/it, ce=2.0644, kd=0.7109, loss=1.3876]
Training: 100%|█████████▉| 6106/6122 [5:19:35<00:50,  3.14s/it, ce=2.0644, kd=0.7109, loss=1.3876]
Training: 100%|█████████▉| 6106/6122 [5:19:38<00:50,  3.14s/it, ce=1.1744, kd=0.6555, loss=0.9149]
Training: 100%|█████████▉| 6107/6122 [5:19:38<00:47,  3.14s/it, ce=1.1744, kd=0.6555, loss=0.9149]
Training: 100%|█████████▉| 6107/6122 [5:19:41<00:47,  3.14s/it, ce=2.0891, kd=0.6828, loss=1.3860]
Training: 100%|█████████▉| 6108/6122 [5:19:41<00:43,  3.14s/it, ce=2.0891, kd=0.6828, loss=1.3860]
Training: 100%|█████████▉| 6108/6122 [5:19:44<00:43,  3.14s/it, ce=1.9884, kd=0.6518, loss=1.3201]
Training: 100%|█████████▉| 6109/6122 [5:19:44<00:40,  3.14s/it, ce=1.9884, kd=0.6518, loss=1.3201]
Training: 100%|█████████▉| 6109/6122 [5:19:48<00:40,  3.14s/it, ce=2.5972, kd=0.5904, loss=1.5938]
Training: 100%|█████████▉| 6110/6122 [5:19:48<00:37,  3.14s/it, ce=2.5972, kd=0.5904, loss=1.5938]
Training: 100%|█████████▉| 6110/6122 [5:19:51<00:37,  3.14s/it, ce=1.9066, kd=0.7453, loss=1.3259]
Training: 100%|█████████▉| 6111/6122 [5:19:51<00:34,  3.14s/it, ce=1.9066, kd=0.7453, loss=1.3259]
Training: 100%|█████████▉| 6111/6122 [5:19:54<00:34,  3.14s/it, ce=1.9891, kd=0.7327, loss=1.3609]
Training: 100%|█████████▉| 6112/6122 [5:19:54<00:31,  3.14s/it, ce=1.9891, kd=0.7327, loss=1.3609]
Training: 100%|█████████▉| 6112/6122 [5:19:57<00:31,  3.14s/it, ce=2.5860, kd=0.5845, loss=1.5853]
Training: 100%|█████████▉| 6113/6122 [5:19:57<00:28,  3.14s/it, ce=2.5860, kd=0.5845, loss=1.5853]
Training: 100%|█████████▉| 6113/6122 [5:20:00<00:28,  3.14s/it, ce=1.9871, kd=0.7419, loss=1.3645]
Training: 100%|█████████▉| 6114/6122 [5:20:00<00:25,  3.14s/it, ce=1.9871, kd=0.7419, loss=1.3645]
Training: 100%|█████████▉| 6114/6122 [5:20:03<00:25,  3.14s/it, ce=2.6775, kd=0.7668, loss=1.7222]
Training: 100%|█████████▉| 6115/6122 [5:20:03<00:21,  3.14s/it, ce=2.6775, kd=0.7668, loss=1.7222]
Training: 100%|█████████▉| 6115/6122 [5:20:06<00:21,  3.14s/it, ce=2.5078, kd=0.6437, loss=1.5758]
Training: 100%|█████████▉| 6116/6122 [5:20:06<00:18,  3.14s/it, ce=2.5078, kd=0.6437, loss=1.5758]
Training: 100%|█████████▉| 6116/6122 [5:20:10<00:18,  3.14s/it, ce=1.6483, kd=0.4913, loss=1.0698]
Training: 100%|█████████▉| 6117/6122 [5:20:10<00:15,  3.14s/it, ce=1.6483, kd=0.4913, loss=1.0698]
Training: 100%|█████████▉| 6117/6122 [5:20:13<00:15,  3.14s/it, ce=2.0768, kd=0.6386, loss=1.3577]
Training: 100%|█████████▉| 6118/6122 [5:20:13<00:12,  3.14s/it, ce=2.0768, kd=0.6386, loss=1.3577]
Training: 100%|█████████▉| 6118/6122 [5:20:16<00:12,  3.14s/it, ce=2.5689, kd=0.6306, loss=1.5997]
Training: 100%|█████████▉| 6119/6122 [5:20:16<00:09,  3.14s/it, ce=2.5689, kd=0.6306, loss=1.5997]
Training: 100%|█████████▉| 6119/6122 [5:20:19<00:09,  3.14s/it, ce=1.9778, kd=0.6719, loss=1.3248]
Training: 100%|█████████▉| 6120/6122 [5:20:19<00:06,  3.14s/it, ce=1.9778, kd=0.6719, loss=1.3248]
Training: 100%|█████████▉| 6120/6122 [5:20:22<00:06,  3.14s/it, ce=2.6239, kd=0.7315, loss=1.6777]
Training: 100%|█████████▉| 6121/6122 [5:20:22<00:03,  3.14s/it, ce=2.6239, kd=0.7315, loss=1.6777]
Training: 100%|█████████▉| 6121/6122 [5:20:25<00:03,  3.14s/it, ce=1.9217, kd=0.5673, loss=2.4890]
Training: 100%|██████████| 6122/6122 [5:20:25<00:00,  3.14s/it, ce=1.9217, kd=0.5673, loss=2.4890]
Validation: 100%|█████████▉| 385/386 [00:32<00:00, 11.78it/s]
  Train Loss: 1.3100 (CE: 1.9730, KD: 0.6470)
  Val Loss:   1.3151 (CE: 2.0029)
  Time: 19258.5s
  ✅ Best model saved → results/kanana/checkpoints/kanana-8b-2b-v4/student_kd_best.pt
--- Epoch 2/4 ---
Training: 100%|█████████▉| 6092/6122 [5:18:45<01:34,  3.14s/it, ce=1.5088, kd=0.5697, loss=1.0393]
Training: 100%|█████████▉| 6092/6122 [5:18:48<01:34,  3.14s/it, ce=2.1229, kd=0.4417, loss=1.2823]
Training: 100%|█████████▉| 6093/6122 [5:18:48<01:31,  3.14s/it, ce=2.1229, kd=0.4417, loss=1.2823]
Training: 100%|█████████▉| 6093/6122 [5:18:51<01:31,  3.14s/it, ce=2.1539, kd=0.5549, loss=1.3544]
Training: 100%|█████████▉| 6094/6122 [5:18:51<01:27,  3.14s/it, ce=2.1539, kd=0.5549, loss=1.3544]
Training: 100%|█████████▉| 6094/6122 [5:18:54<01:27,  3.14s/it, ce=1.2778, kd=0.4985, loss=0.8881]
Training: 100%|█████████▉| 6095/6122 [5:18:54<01:24,  3.14s/it, ce=1.2778, kd=0.4985, loss=0.8881]
Training: 100%|█████████▉| 6095/6122 [5:18:57<01:24,  3.14s/it, ce=1.3921, kd=0.4577, loss=0.9249]
Training: 100%|█████████▉| 6096/6122 [5:18:57<01:21,  3.14s/it, ce=1.3921, kd=0.4577, loss=0.9249]
Training: 100%|█████████▉| 6096/6122 [5:19:01<01:21,  3.14s/it, ce=1.6175, kd=0.5744, loss=1.0960]
Training: 100%|█████████▉| 6097/6122 [5:19:01<01:18,  3.14s/it, ce=1.6175, kd=0.5744, loss=1.0960]
Training: 100%|█████████▉| 6097/6122 [5:19:04<01:18,  3.14s/it, ce=2.4861, kd=0.5621, loss=1.5241]
Training: 100%|█████████▉| 6098/6122 [5:19:04<01:15,  3.14s/it, ce=2.4861, kd=0.5621, loss=1.5241]
Training: 100%|█████████▉| 6098/6122 [5:19:07<01:15,  3.14s/it, ce=2.3025, kd=0.5314, loss=1.4170]
Training: 100%|█████████▉| 6099/6122 [5:19:07<01:12,  3.14s/it, ce=2.3025, kd=0.5314, loss=1.4170]
Training: 100%|█████████▉| 6099/6122 [5:19:10<01:12,  3.14s/it, ce=1.3540, kd=0.5198, loss=0.9369]
Training: 100%|█████████▉| 6100/6122 [5:19:10<01:09,  3.14s/it, ce=1.3540, kd=0.5198, loss=0.9369]
Training: 100%|█████████▉| 6100/6122 [5:19:13<01:09,  3.14s/it, ce=1.0675, kd=0.3836, loss=0.7255]
Training: 100%|█████████▉| 6101/6122 [5:19:13<01:05,  3.14s/it, ce=1.0675, kd=0.3836, loss=0.7255]
Training: 100%|█████████▉| 6101/6122 [5:19:16<01:05,  3.14s/it, ce=1.3914, kd=0.4498, loss=0.9206]
Training: 100%|█████████▉| 6102/6122 [5:19:16<01:02,  3.14s/it, ce=1.3914, kd=0.4498, loss=0.9206]
Training: 100%|█████████▉| 6102/6122 [5:19:19<01:02,  3.14s/it, ce=1.2335, kd=0.2638, loss=0.7487]
Training: 100%|█████████▉| 6103/6122 [5:19:19<00:59,  3.14s/it, ce=1.2335, kd=0.2638, loss=0.7487]
Training: 100%|█████████▉| 6103/6122 [5:19:22<00:59,  3.14s/it, ce=1.8131, kd=0.4830, loss=1.1481]
Training: 100%|█████████▉| 6104/6122 [5:19:23<00:56,  3.14s/it, ce=1.8131, kd=0.4830, loss=1.1481]
Training: 100%|█████████▉| 6104/6122 [5:19:26<00:56,  3.14s/it, ce=2.2302, kd=0.5578, loss=1.3940]
Training: 100%|█████████▉| 6105/6122 [5:19:26<00:53,  3.14s/it, ce=2.2302, kd=0.5578, loss=1.3940]
Training: 100%|█████████▉| 6105/6122 [5:19:29<00:53,  3.14s/it, ce=0.6926, kd=0.2782, loss=0.4854]
Training: 100%|█████████▉| 6106/6122 [5:19:29<00:50,  3.14s/it, ce=0.6926, kd=0.2782, loss=0.4854]
Training: 100%|█████████▉| 6106/6122 [5:19:32<00:50,  3.14s/it, ce=1.4740, kd=0.6699, loss=1.0720]
Training: 100%|█████████▉| 6107/6122 [5:19:32<00:47,  3.14s/it, ce=1.4740, kd=0.6699, loss=1.0720]
Training: 100%|█████████▉| 6107/6122 [5:19:35<00:47,  3.14s/it, ce=1.6987, kd=0.4495, loss=1.0741]
Training: 100%|█████████▉| 6108/6122 [5:19:35<00:43,  3.14s/it, ce=1.6987, kd=0.4495, loss=1.0741]
Training: 100%|█████████▉| 6108/6122 [5:19:38<00:43,  3.14s/it, ce=1.6084, kd=0.6185, loss=1.1134]
Training: 100%|█████████▉| 6109/6122 [5:19:38<00:40,  3.14s/it, ce=1.6084, kd=0.6185, loss=1.1134]
Training: 100%|█████████▉| 6109/6122 [5:19:41<00:40,  3.14s/it, ce=1.2789, kd=0.3540, loss=0.8165]
Training: 100%|█████████▉| 6110/6122 [5:19:41<00:37,  3.14s/it, ce=1.2789, kd=0.3540, loss=0.8165]
Training: 100%|█████████▉| 6110/6122 [5:19:44<00:37,  3.14s/it, ce=1.2399, kd=0.4755, loss=0.8577]
Training: 100%|█████████▉| 6111/6122 [5:19:44<00:34,  3.14s/it, ce=1.2399, kd=0.4755, loss=0.8577]
Training: 100%|█████████▉| 6111/6122 [5:19:48<00:34,  3.14s/it, ce=1.5848, kd=0.4902, loss=1.0375]
Training: 100%|█████████▉| 6112/6122 [5:19:48<00:31,  3.14s/it, ce=1.5848, kd=0.4902, loss=1.0375]
Training: 100%|█████████▉| 6112/6122 [5:19:51<00:31,  3.14s/it, ce=0.3784, kd=0.3073, loss=0.3428]
Training: 100%|█████████▉| 6113/6122 [5:19:51<00:28,  3.14s/it, ce=0.3784, kd=0.3073, loss=0.3428]
Training: 100%|█████████▉| 6113/6122 [5:19:54<00:28,  3.14s/it, ce=1.9468, kd=0.4923, loss=1.2196]
Training: 100%|█████████▉| 6114/6122 [5:19:54<00:25,  3.14s/it, ce=1.9468, kd=0.4923, loss=1.2196]
Training: 100%|█████████▉| 6114/6122 [5:19:57<00:25,  3.14s/it, ce=1.1039, kd=0.3527, loss=0.7283]
Training: 100%|█████████▉| 6115/6122 [5:19:57<00:21,  3.14s/it, ce=1.1039, kd=0.3527, loss=0.7283]
Training: 100%|█████████▉| 6115/6122 [5:20:00<00:21,  3.14s/it, ce=1.3347, kd=0.5490, loss=0.9419]
Training: 100%|█████████▉| 6116/6122 [5:20:00<00:18,  3.14s/it, ce=1.3347, kd=0.5490, loss=0.9419]
Training: 100%|█████████▉| 6116/6122 [5:20:03<00:18,  3.14s/it, ce=1.7197, kd=0.4916, loss=1.1057]
Training: 100%|█████████▉| 6117/6122 [5:20:03<00:15,  3.14s/it, ce=1.7197, kd=0.4916, loss=1.1057]
Training: 100%|█████████▉| 6117/6122 [5:20:06<00:15,  3.14s/it, ce=1.2389, kd=0.4151, loss=0.8270]
Training: 100%|█████████▉| 6118/6122 [5:20:06<00:12,  3.14s/it, ce=1.2389, kd=0.4151, loss=0.8270]
Training: 100%|█████████▉| 6118/6122 [5:20:10<00:12,  3.14s/it, ce=1.7413, kd=0.5738, loss=1.1576]
Training: 100%|█████████▉| 6119/6122 [5:20:10<00:09,  3.14s/it, ce=1.7413, kd=0.5738, loss=1.1576]
Training: 100%|█████████▉| 6119/6122 [5:20:13<00:09,  3.14s/it, ce=1.8313, kd=0.5526, loss=1.1920]
Training: 100%|█████████▉| 6120/6122 [5:20:13<00:06,  3.14s/it, ce=1.8313, kd=0.5526, loss=1.1920]
Training: 100%|█████████▉| 6120/6122 [5:20:16<00:06,  3.14s/it, ce=1.4688, kd=0.5517, loss=1.0103]
Training: 100%|█████████▉| 6121/6122 [5:20:16<00:03,  3.14s/it, ce=1.4688, kd=0.5517, loss=1.0103]
Training: 100%|█████████▉| 6121/6122 [5:20:19<00:03,  3.14s/it, ce=2.5287, kd=0.5935, loss=3.1222]
Training: 100%|██████████| 6122/6122 [5:20:19<00:00,  3.14s/it, ce=2.5287, kd=0.5935, loss=3.1222]
Validation: 100%|█████████▉| 385/386 [00:32<00:00, 11.87it/s]
  Train Loss: 1.0614 (CE: 1.5776, KD: 0.5453)
  Val Loss:   1.3131 (CE: 1.9954)
  Time: 19252.1s
  ✅ Best model saved → results/kanana/checkpoints/kanana-8b-2b-v4/student_kd_best.pt
--- Epoch 3/4 ---
Training: 100%|█████████▉| 6092/6122 [5:18:45<01:34,  3.14s/it, ce=1.4833, kd=0.5007, loss=0.9920]
Training: 100%|█████████▉| 6092/6122 [5:18:48<01:34,  3.14s/it, ce=1.1001, kd=0.4995, loss=0.7998]
Training: 100%|█████████▉| 6093/6122 [5:18:48<01:31,  3.14s/it, ce=1.1001, kd=0.4995, loss=0.7998]
Training: 100%|█████████▉| 6093/6122 [5:18:51<01:31,  3.14s/it, ce=1.7698, kd=0.8986, loss=1.3342]
Training: 100%|█████████▉| 6094/6122 [5:18:51<01:27,  3.14s/it, ce=1.7698, kd=0.8986, loss=1.3342]
Training: 100%|█████████▉| 6094/6122 [5:18:54<01:27,  3.14s/it, ce=0.9969, kd=0.5141, loss=0.7555]
Training: 100%|█████████▉| 6095/6122 [5:18:54<01:24,  3.14s/it, ce=0.9969, kd=0.5141, loss=0.7555]
Training: 100%|█████████▉| 6095/6122 [5:18:57<01:24,  3.14s/it, ce=1.4903, kd=0.5547, loss=1.0225]
Training: 100%|█████████▉| 6096/6122 [5:18:57<01:21,  3.14s/it, ce=1.4903, kd=0.5547, loss=1.0225]
Training: 100%|█████████▉| 6096/6122 [5:19:00<01:21,  3.14s/it, ce=0.8880, kd=0.4508, loss=0.6694]
Training: 100%|█████████▉| 6097/6122 [5:19:00<01:18,  3.14s/it, ce=0.8880, kd=0.4508, loss=0.6694]
Training: 100%|█████████▉| 6097/6122 [5:19:04<01:18,  3.14s/it, ce=1.4465, kd=0.5051, loss=0.9758]
Training: 100%|█████████▉| 6098/6122 [5:19:04<01:15,  3.14s/it, ce=1.4465, kd=0.5051, loss=0.9758]
Training: 100%|█████████▉| 6098/6122 [5:19:07<01:15,  3.14s/it, ce=1.6038, kd=0.7233, loss=1.1635]
Training: 100%|█████████▉| 6099/6122 [5:19:07<01:12,  3.14s/it, ce=1.6038, kd=0.7233, loss=1.1635]
Training: 100%|█████████▉| 6099/6122 [5:19:10<01:12,  3.14s/it, ce=1.5013, kd=0.5451, loss=1.0232]
Training: 100%|█████████▉| 6100/6122 [5:19:10<01:09,  3.14s/it, ce=1.5013, kd=0.5451, loss=1.0232]
Training: 100%|█████████▉| 6100/6122 [5:19:13<01:09,  3.14s/it, ce=1.4412, kd=0.5476, loss=0.9944]
Training: 100%|█████████▉| 6101/6122 [5:19:13<01:05,  3.14s/it, ce=1.4412, kd=0.5476, loss=0.9944]
Training: 100%|█████████▉| 6101/6122 [5:19:16<01:05,  3.14s/it, ce=0.8064, kd=0.4820, loss=0.6442]
Training: 100%|█████████▉| 6102/6122 [5:19:16<01:02,  3.14s/it, ce=0.8064, kd=0.4820, loss=0.6442]
Training: 100%|█████████▉| 6102/6122 [5:19:19<01:02,  3.14s/it, ce=1.3411, kd=0.3944, loss=0.8677]
Training: 100%|█████████▉| 6103/6122 [5:19:19<00:59,  3.14s/it, ce=1.3411, kd=0.3944, loss=0.8677]
Training: 100%|█████████▉| 6103/6122 [5:19:22<00:59,  3.14s/it, ce=1.2391, kd=0.6995, loss=0.9693]
Training: 100%|█████████▉| 6104/6122 [5:19:22<00:56,  3.14s/it, ce=1.2391, kd=0.6995, loss=0.9693]
Training: 100%|█████████▉| 6104/6122 [5:19:26<00:56,  3.14s/it, ce=1.1314, kd=0.5270, loss=0.8292]
Training: 100%|█████████▉| 6105/6122 [5:19:26<00:53,  3.14s/it, ce=1.1314, kd=0.5270, loss=0.8292]
Training: 100%|█████████▉| 6105/6122 [5:19:29<00:53,  3.14s/it, ce=1.8310, kd=0.6682, loss=1.2496]
Training: 100%|█████████▉| 6106/6122 [5:19:29<00:50,  3.14s/it, ce=1.8310, kd=0.6682, loss=1.2496]
Training: 100%|█████████▉| 6106/6122 [5:19:32<00:50,  3.14s/it, ce=0.9449, kd=0.4729, loss=0.7089]
Training: 100%|█████████▉| 6107/6122 [5:19:32<00:47,  3.14s/it, ce=0.9449, kd=0.4729, loss=0.7089]
Training: 100%|█████████▉| 6107/6122 [5:19:35<00:47,  3.14s/it, ce=1.6229, kd=0.6188, loss=1.1209]
Training: 100%|█████████▉| 6108/6122 [5:19:35<00:43,  3.14s/it, ce=1.6229, kd=0.6188, loss=1.1209]
Training: 100%|█████████▉| 6108/6122 [5:19:38<00:43,  3.14s/it, ce=1.5367, kd=0.5614, loss=1.0491]
Training: 100%|█████████▉| 6109/6122 [5:19:38<00:40,  3.14s/it, ce=1.5367, kd=0.5614, loss=1.0491]
Training: 100%|█████████▉| 6109/6122 [5:19:41<00:40,  3.14s/it, ce=0.7709, kd=0.4233, loss=0.5971]
Training: 100%|█████████▉| 6110/6122 [5:19:41<00:37,  3.14s/it, ce=0.7709, kd=0.4233, loss=0.5971]
Training: 100%|█████████▉| 6110/6122 [5:19:44<00:37,  3.14s/it, ce=1.0831, kd=0.4974, loss=0.7903]
Training: 100%|█████████▉| 6111/6122 [5:19:44<00:34,  3.14s/it, ce=1.0831, kd=0.4974, loss=0.7903]
Training: 100%|█████████▉| 6111/6122 [5:19:48<00:34,  3.14s/it, ce=1.8274, kd=0.4725, loss=1.1499]
Training: 100%|█████████▉| 6112/6122 [5:19:48<00:31,  3.14s/it, ce=1.8274, kd=0.4725, loss=1.1499]
Training: 100%|█████████▉| 6112/6122 [5:19:51<00:31,  3.14s/it, ce=1.2643, kd=0.5083, loss=0.8863]
Training: 100%|█████████▉| 6113/6122 [5:19:51<00:28,  3.14s/it, ce=1.2643, kd=0.5083, loss=0.8863]
Training: 100%|█████████▉| 6113/6122 [5:19:54<00:28,  3.14s/it, ce=1.1678, kd=0.5292, loss=0.8485]
Training: 100%|█████████▉| 6114/6122 [5:19:54<00:25,  3.14s/it, ce=1.1678, kd=0.5292, loss=0.8485]
Training: 100%|█████████▉| 6114/6122 [5:19:57<00:25,  3.14s/it, ce=1.4192, kd=0.4699, loss=0.9446]
Training: 100%|█████████▉| 6115/6122 [5:19:57<00:21,  3.14s/it, ce=1.4192, kd=0.4699, loss=0.9446]
Training: 100%|█████████▉| 6115/6122 [5:20:00<00:21,  3.14s/it, ce=1.9380, kd=0.6463, loss=1.2922]
Training: 100%|█████████▉| 6116/6122 [5:20:00<00:18,  3.14s/it, ce=1.9380, kd=0.6463, loss=1.2922]
Training: 100%|█████████▉| 6116/6122 [5:20:03<00:18,  3.14s/it, ce=1.1659, kd=0.5109, loss=0.8384]
Training: 100%|█████████▉| 6117/6122 [5:20:03<00:15,  3.14s/it, ce=1.1659, kd=0.5109, loss=0.8384]
Training: 100%|█████████▉| 6117/6122 [5:20:06<00:15,  3.14s/it, ce=1.7058, kd=0.5829, loss=1.1444]
Training: 100%|█████████▉| 6118/6122 [5:20:06<00:12,  3.14s/it, ce=1.7058, kd=0.5829, loss=1.1444]
Training: 100%|█████████▉| 6118/6122 [5:20:10<00:12,  3.14s/it, ce=0.8699, kd=0.4720, loss=0.6709]
Training: 100%|█████████▉| 6119/6122 [5:20:10<00:09,  3.14s/it, ce=0.8699, kd=0.4720, loss=0.6709]
Training: 100%|█████████▉| 6119/6122 [5:20:13<00:09,  3.14s/it, ce=2.1526, kd=0.6207, loss=1.3867]
Training: 100%|█████████▉| 6120/6122 [5:20:13<00:06,  3.14s/it, ce=2.1526, kd=0.6207, loss=1.3867]
Training: 100%|█████████▉| 6120/6122 [5:20:16<00:06,  3.14s/it, ce=1.3942, kd=0.5457, loss=0.9699]
Training: 100%|█████████▉| 6121/6122 [5:20:16<00:03,  3.14s/it, ce=1.3942, kd=0.5457, loss=0.9699]
Training: 100%|█████████▉| 6121/6122 [5:20:19<00:03,  3.14s/it, ce=0.9534, kd=0.3803, loss=1.3337]
Training: 100%|██████████| 6122/6122 [5:20:19<00:00,  3.14s/it, ce=0.9534, kd=0.3803, loss=1.3337]
Validation: 100%|█████████▉| 385/386 [00:32<00:00, 11.87it/s]
  Train Loss: 0.9069 (CE: 1.2780, KD: 0.5357)
  Val Loss:   1.3279 (CE: 1.9984)
  Time: 19252.0s
  ⏹ Early stopping: validation CE did not improve for 1 epoch(s).
학습 로그 저장 → results/kanana/logs/kanana-8b-2b-v4/distill_history.json
✅ 파이프라인 완료!
   결과: results/kanana/logs/kanana-8b-2b-v4
   차트: results/kanana/figures/kanana-8b-2b-v4
