W0930 15:44:12.332000 140326934851584 torch/distributed/run.py:757] 
W0930 15:44:12.332000 140326934851584 torch/distributed/run.py:757] *****************************************
W0930 15:44:12.332000 140326934851584 torch/distributed/run.py:757] Setting OMP_NUM_THREADS environment variable for each process to be 1 in default, to avoid your system being overloaded, please further tune the variable for optimal performance in your application as needed. 
W0930 15:44:12.332000 140326934851584 torch/distributed/run.py:757] *****************************************
[W CUDAAllocatorConfig.h:28] Warning: expandable_segments not supported on this platform (function operator())
📄 configs/kanana_8b_2b_3090x4_v4.yaml | step=train_teacher | run_id=kanana-8b-2b-v4
   Teacher: kakaocorp/kanana-1.5-8b-base (quant=bf16)
   Student: kakaocorp/kanana-1.5-2.1b-base
   kd_top_k=128, T=2.0, α=0.5, forward_kl/tokenmean
==================================================
STEP 1/5: Teacher Fine-tuning
==================================================
=== Teacher Fine-tuning ===
Device: cuda:0
Teacher: kakaocorp/kanana-1.5-8b-base
lr=2e-05, epochs=3
Batch: 1, SeqLen: 256
==================================================
STEP 1/5: Teacher Fine-tuning
==================================================
=== Teacher Fine-tuning ===
Device: cuda:1
Teacher: kakaocorp/kanana-1.5-8b-base
lr=2e-05, epochs=3
Batch: 1, SeqLen: 256
Map: 100%|██████████| 9000/9000 [00:05<00:00, 1535.91 examples/s]
Map: 100%|██████████| 9000/9000 [00:05<00:00, 1533.37 examples/s]
Map: 100%|██████████| 500/500 [00:00<00:00, 1422.25 examples/s]
Map: 100%|██████████| 500/500 [00:00<00:00, 1404.26 examples/s]
Map: 100%|██████████| 500/500 [00:00<00:00, 1332.61 examples/s]
Map: 100%|██████████| 500/500 [00:00<00:00, 1315.09 examples/s]
Saving the dataset (1/1 shards): 100%|██████████| 12243/12243 [00:00<00:00, 414517.67 examples/s]
Saving the dataset (1/1 shards): 100%|██████████| 12243/12243 [00:00<00:00, 410991.03 examples/s]
Saving the dataset (1/1 shards): 100%|██████████| 772/772 [00:00<00:00, 202413.12 examples/s]
Saving the dataset (1/1 shards): 100%|██████████| 772/772 [00:00<00:00, 197366.98 examples/s]
Saving the dataset (1/1 shards): 100%|██████████| 820/820 [00:00<00:00, 228648.40 examples/s]
Saving the dataset (1/1 shards): 100%|██████████| 820/820 [00:00<00:00, 222682.37 examples/s]
Train: 12243 samples
Val:   772 samples
Train: 12243 samples
Val:   772 samples
Loading checkpoint shards: 100%|██████████| 4/4 [00:09<00:00,  1.96s/it]
Loading checkpoint shards: 100%|██████████| 4/4 [00:09<00:00,  2.38s/it]
Loading checkpoint shards: 100%|██████████| 4/4 [00:09<00:00,  2.13s/it]
Loading checkpoint shards: 100%|██████████| 4/4 [00:09<00:00,  2.47s/it]
[Teacher (FT)]
  파라미터: 4,554,231,808 (학습 가능: 13,631,488)
  메모리: 7747.9 MB
  디바이스: cuda:0
--- Teacher Epoch 1/3 ---
Teacher Training: 100%|█████████▉| 6092/6122 [1:46:23<00:32,  1.08s/it, loss=2.2151]
Teacher Training: 100%|█████████▉| 6092/6122 [1:46:24<00:32,  1.08s/it, loss=2.0900]
Teacher Training: 100%|█████████▉| 6093/6122 [1:46:24<00:31,  1.09s/it, loss=2.0900]
Teacher Training: 100%|█████████▉| 6093/6122 [1:46:25<00:31,  1.09s/it, loss=1.7219]
Teacher Training: 100%|█████████▉| 6094/6122 [1:46:25<00:30,  1.08s/it, loss=1.7219]
Teacher Training: 100%|█████████▉| 6094/6122 [1:46:26<00:30,  1.08s/it, loss=2.6527]
Teacher Training: 100%|█████████▉| 6095/6122 [1:46:26<00:29,  1.08s/it, loss=2.6527]
Teacher Training: 100%|█████████▉| 6095/6122 [1:46:27<00:29,  1.08s/it, loss=2.2445]
Teacher Training: 100%|█████████▉| 6096/6122 [1:46:27<00:28,  1.08s/it, loss=2.2445]
Teacher Training: 100%|█████████▉| 6096/6122 [1:46:29<00:28,  1.08s/it, loss=2.0291]
Teacher Training: 100%|█████████▉| 6097/6122 [1:46:29<00:27,  1.08s/it, loss=2.0291]
Teacher Training: 100%|█████████▉| 6097/6122 [1:46:30<00:27,  1.08s/it, loss=2.2331]
Teacher Training: 100%|█████████▉| 6098/6122 [1:46:30<00:25,  1.08s/it, loss=2.2331]
Teacher Training: 100%|█████████▉| 6098/6122 [1:46:31<00:25,  1.08s/it, loss=1.6941]
Teacher Training: 100%|█████████▉| 6099/6122 [1:46:31<00:24,  1.08s/it, loss=1.6941]
Teacher Training: 100%|█████████▉| 6099/6122 [1:46:32<00:24,  1.08s/it, loss=1.6751]
Teacher Training: 100%|█████████▉| 6100/6122 [1:46:32<00:23,  1.08s/it, loss=1.6751]
Teacher Training: 100%|█████████▉| 6100/6122 [1:46:33<00:23,  1.08s/it, loss=1.0738]
Teacher Training: 100%|█████████▉| 6101/6122 [1:46:33<00:22,  1.08s/it, loss=1.0738]
Teacher Training: 100%|█████████▉| 6101/6122 [1:46:34<00:22,  1.08s/it, loss=0.8048]
Teacher Training: 100%|█████████▉| 6102/6122 [1:46:34<00:21,  1.08s/it, loss=0.8048]
Teacher Training: 100%|█████████▉| 6102/6122 [1:46:35<00:21,  1.08s/it, loss=1.7937]
Teacher Training: 100%|█████████▉| 6103/6122 [1:46:35<00:20,  1.08s/it, loss=1.7937]
Teacher Training: 100%|█████████▉| 6103/6122 [1:46:36<00:20,  1.08s/it, loss=1.1482]
Teacher Training: 100%|█████████▉| 6104/6122 [1:46:36<00:19,  1.08s/it, loss=1.1482]
Teacher Training: 100%|█████████▉| 6104/6122 [1:46:37<00:19,  1.08s/it, loss=1.3075]
Teacher Training: 100%|█████████▉| 6105/6122 [1:46:37<00:18,  1.08s/it, loss=1.3075]
Teacher Training: 100%|█████████▉| 6105/6122 [1:46:38<00:18,  1.08s/it, loss=1.7556]
Teacher Training: 100%|█████████▉| 6106/6122 [1:46:38<00:17,  1.08s/it, loss=1.7556]
Teacher Training: 100%|█████████▉| 6106/6122 [1:46:39<00:17,  1.08s/it, loss=1.2351]
Teacher Training: 100%|█████████▉| 6107/6122 [1:46:39<00:16,  1.08s/it, loss=1.2351]
Teacher Training: 100%|█████████▉| 6107/6122 [1:46:40<00:16,  1.08s/it, loss=1.9217]
Teacher Training: 100%|█████████▉| 6108/6122 [1:46:40<00:15,  1.08s/it, loss=1.9217]
Teacher Training: 100%|█████████▉| 6108/6122 [1:46:42<00:15,  1.08s/it, loss=1.8746]
Teacher Training: 100%|█████████▉| 6109/6122 [1:46:42<00:14,  1.08s/it, loss=1.8746]
Teacher Training: 100%|█████████▉| 6109/6122 [1:46:43<00:14,  1.08s/it, loss=2.6857]
Teacher Training: 100%|█████████▉| 6110/6122 [1:46:43<00:12,  1.08s/it, loss=2.6857]
Teacher Training: 100%|█████████▉| 6110/6122 [1:46:44<00:12,  1.08s/it, loss=1.7877]
Teacher Training: 100%|█████████▉| 6111/6122 [1:46:44<00:11,  1.08s/it, loss=1.7877]
Teacher Training: 100%|█████████▉| 6111/6122 [1:46:45<00:11,  1.08s/it, loss=1.8255]
Teacher Training: 100%|█████████▉| 6112/6122 [1:46:45<00:10,  1.08s/it, loss=1.8255]
Teacher Training: 100%|█████████▉| 6112/6122 [1:46:46<00:10,  1.08s/it, loss=2.3246]
Teacher Training: 100%|█████████▉| 6113/6122 [1:46:46<00:09,  1.08s/it, loss=2.3246]
Teacher Training: 100%|█████████▉| 6113/6122 [1:46:47<00:09,  1.08s/it, loss=1.8523]
Teacher Training: 100%|█████████▉| 6114/6122 [1:46:47<00:08,  1.08s/it, loss=1.8523]
Teacher Training: 100%|█████████▉| 6114/6122 [1:46:48<00:08,  1.08s/it, loss=2.3532]
Teacher Training: 100%|█████████▉| 6115/6122 [1:46:48<00:07,  1.08s/it, loss=2.3532]
Teacher Training: 100%|█████████▉| 6115/6122 [1:46:49<00:07,  1.08s/it, loss=2.1284]
Teacher Training: 100%|█████████▉| 6116/6122 [1:46:49<00:06,  1.08s/it, loss=2.1284]
Teacher Training: 100%|█████████▉| 6116/6122 [1:46:50<00:06,  1.08s/it, loss=1.6596]
Teacher Training: 100%|█████████▉| 6117/6122 [1:46:50<00:05,  1.08s/it, loss=1.6596]
Teacher Training: 100%|█████████▉| 6117/6122 [1:46:51<00:05,  1.08s/it, loss=1.9578]
Teacher Training: 100%|█████████▉| 6118/6122 [1:46:51<00:04,  1.08s/it, loss=1.9578]
Teacher Training: 100%|█████████▉| 6118/6122 [1:46:52<00:04,  1.08s/it, loss=2.2189]
Teacher Training: 100%|█████████▉| 6119/6122 [1:46:52<00:03,  1.08s/it, loss=2.2189]
Teacher Training: 100%|█████████▉| 6119/6122 [1:46:53<00:03,  1.08s/it, loss=1.7598]
Teacher Training: 100%|█████████▉| 6120/6122 [1:46:53<00:02,  1.08s/it, loss=1.7598]
Teacher Training: 100%|█████████▉| 6120/6122 [1:46:54<00:02,  1.08s/it, loss=2.2694]
Teacher Training: 100%|█████████▉| 6121/6122 [1:46:54<00:01,  1.08s/it, loss=2.2694]
Teacher Training: 100%|█████████▉| 6121/6122 [1:46:56<00:01,  1.08s/it, loss=3.5529]
Teacher Training: 100%|██████████| 6122/6122 [1:46:56<00:00,  1.08s/it, loss=3.5529]
Teacher Validation: 100%|█████████▉| 385/386 [02:13<00:00,  2.92it/s]
Teacher Validation: 100%|██████████| 386/386 [02:13<00:00,  2.93it/s]
  Train CE Loss: 1.7930
  Val CE Loss:   1.7985
  Time: 6549.5s
  ✅ Best teacher saved → results/kanana/checkpoints/kanana-8b-2b-v4/teacher_ft_best_adapter
--- Teacher Epoch 2/3 ---
Teacher Training: 100%|█████████▉| 6092/6122 [1:45:31<00:31,  1.06s/it, loss=1.7364]
Teacher Training: 100%|█████████▉| 6092/6122 [1:45:32<00:31,  1.06s/it, loss=2.4486]
Teacher Training: 100%|█████████▉| 6093/6122 [1:45:32<00:30,  1.06s/it, loss=2.4486]
Teacher Training: 100%|█████████▉| 6093/6122 [1:45:33<00:30,  1.06s/it, loss=2.2481]
Teacher Training: 100%|█████████▉| 6094/6122 [1:45:33<00:29,  1.06s/it, loss=2.2481]
Teacher Training: 100%|█████████▉| 6094/6122 [1:45:34<00:29,  1.06s/it, loss=1.4129]
Teacher Training: 100%|█████████▉| 6095/6122 [1:45:34<00:28,  1.06s/it, loss=1.4129]
Teacher Training: 100%|█████████▉| 6095/6122 [1:45:36<00:28,  1.06s/it, loss=1.3923]
Teacher Training: 100%|█████████▉| 6096/6122 [1:45:36<00:27,  1.06s/it, loss=1.3923]
Teacher Training: 100%|█████████▉| 6096/6122 [1:45:37<00:27,  1.06s/it, loss=1.7757]
Teacher Training: 100%|█████████▉| 6097/6122 [1:45:37<00:26,  1.06s/it, loss=1.7757]
Teacher Training: 100%|█████████▉| 6097/6122 [1:45:38<00:26,  1.06s/it, loss=2.5922]
Teacher Training: 100%|█████████▉| 6098/6122 [1:45:38<00:25,  1.06s/it, loss=2.5922]
Teacher Training: 100%|█████████▉| 6098/6122 [1:45:39<00:25,  1.06s/it, loss=2.3527]
Teacher Training: 100%|█████████▉| 6099/6122 [1:45:39<00:24,  1.06s/it, loss=2.3527]
Teacher Training: 100%|█████████▉| 6099/6122 [1:45:40<00:24,  1.06s/it, loss=1.7205]
Teacher Training: 100%|█████████▉| 6100/6122 [1:45:40<00:23,  1.06s/it, loss=1.7205]
Teacher Training: 100%|█████████▉| 6100/6122 [1:45:41<00:23,  1.06s/it, loss=1.1563]
Teacher Training: 100%|█████████▉| 6101/6122 [1:45:41<00:22,  1.06s/it, loss=1.1563]
Teacher Training: 100%|█████████▉| 6101/6122 [1:45:42<00:22,  1.06s/it, loss=1.6978]
Teacher Training: 100%|█████████▉| 6102/6122 [1:45:42<00:21,  1.06s/it, loss=1.6978]
Teacher Training: 100%|█████████▉| 6102/6122 [1:45:43<00:21,  1.06s/it, loss=1.3577]
Teacher Training: 100%|█████████▉| 6103/6122 [1:45:43<00:20,  1.06s/it, loss=1.3577]
Teacher Training: 100%|█████████▉| 6103/6122 [1:45:44<00:20,  1.06s/it, loss=1.6575]
Teacher Training: 100%|█████████▉| 6104/6122 [1:45:44<00:19,  1.06s/it, loss=1.6575]
Teacher Training: 100%|█████████▉| 6104/6122 [1:45:45<00:19,  1.06s/it, loss=2.2753]
Teacher Training: 100%|█████████▉| 6105/6122 [1:45:45<00:17,  1.06s/it, loss=2.2753]
Teacher Training: 100%|█████████▉| 6105/6122 [1:45:46<00:17,  1.06s/it, loss=0.7083]
Teacher Training: 100%|█████████▉| 6106/6122 [1:45:46<00:16,  1.06s/it, loss=0.7083]
Teacher Training: 100%|█████████▉| 6106/6122 [1:45:47<00:16,  1.06s/it, loss=1.5044]
Teacher Training: 100%|█████████▉| 6107/6122 [1:45:47<00:15,  1.06s/it, loss=1.5044]
Teacher Training: 100%|█████████▉| 6107/6122 [1:45:48<00:15,  1.06s/it, loss=1.7925]
Teacher Training: 100%|█████████▉| 6108/6122 [1:45:48<00:14,  1.06s/it, loss=1.7925]
Teacher Training: 100%|█████████▉| 6108/6122 [1:45:49<00:14,  1.06s/it, loss=2.0140]
Teacher Training: 100%|█████████▉| 6109/6122 [1:45:49<00:13,  1.06s/it, loss=2.0140]
Teacher Training: 100%|█████████▉| 6109/6122 [1:45:50<00:13,  1.06s/it, loss=1.4171]
Teacher Training: 100%|█████████▉| 6110/6122 [1:45:50<00:12,  1.07s/it, loss=1.4171]
Teacher Training: 100%|█████████▉| 6110/6122 [1:45:51<00:12,  1.07s/it, loss=1.4403]
Teacher Training: 100%|█████████▉| 6111/6122 [1:45:51<00:11,  1.07s/it, loss=1.4403]
Teacher Training: 100%|█████████▉| 6111/6122 [1:45:53<00:11,  1.07s/it, loss=1.5885]
Teacher Training: 100%|█████████▉| 6112/6122 [1:45:53<00:10,  1.06s/it, loss=1.5885]
Teacher Training: 100%|█████████▉| 6112/6122 [1:45:54<00:10,  1.06s/it, loss=0.4270]
Teacher Training: 100%|█████████▉| 6113/6122 [1:45:54<00:09,  1.06s/it, loss=0.4270]
Teacher Training: 100%|█████████▉| 6113/6122 [1:45:55<00:09,  1.06s/it, loss=2.3010]
Teacher Training: 100%|█████████▉| 6114/6122 [1:45:55<00:08,  1.06s/it, loss=2.3010]
Teacher Training: 100%|█████████▉| 6114/6122 [1:45:56<00:08,  1.06s/it, loss=1.1116]
Teacher Training: 100%|█████████▉| 6115/6122 [1:45:56<00:07,  1.06s/it, loss=1.1116]
Teacher Training: 100%|█████████▉| 6115/6122 [1:45:57<00:07,  1.06s/it, loss=1.2205]
Teacher Training: 100%|█████████▉| 6116/6122 [1:45:57<00:06,  1.06s/it, loss=1.2205]
Teacher Training: 100%|█████████▉| 6116/6122 [1:45:58<00:06,  1.06s/it, loss=2.0340]
Teacher Training: 100%|█████████▉| 6117/6122 [1:45:58<00:05,  1.06s/it, loss=2.0340]
Teacher Training: 100%|█████████▉| 6117/6122 [1:45:59<00:05,  1.06s/it, loss=1.2898]
Teacher Training: 100%|█████████▉| 6118/6122 [1:45:59<00:04,  1.05s/it, loss=1.2898]
Teacher Training: 100%|█████████▉| 6118/6122 [1:46:00<00:04,  1.05s/it, loss=1.8048]
Teacher Training: 100%|█████████▉| 6119/6122 [1:46:00<00:03,  1.05s/it, loss=1.8048]
Teacher Training: 100%|█████████▉| 6119/6122 [1:46:01<00:03,  1.05s/it, loss=2.1578]
Teacher Training: 100%|█████████▉| 6120/6122 [1:46:01<00:02,  1.06s/it, loss=2.1578]
Teacher Training: 100%|█████████▉| 6120/6122 [1:46:02<00:02,  1.06s/it, loss=2.0425]
Teacher Training: 100%|█████████▉| 6121/6122 [1:46:02<00:01,  1.05s/it, loss=2.0425]
Teacher Training: 100%|█████████▉| 6121/6122 [1:46:03<00:01,  1.05s/it, loss=5.6766]
Teacher Training: 100%|██████████| 6122/6122 [1:46:03<00:00,  1.06s/it, loss=5.6766]
Teacher Validation: 100%|█████████▉| 385/386 [02:10<00:00,  2.98it/s]
Teacher Validation: 100%|██████████| 386/386 [02:10<00:00,  2.99it/s]
  Train CE Loss: 1.7312
  Val CE Loss:   1.7842
  Time: 6494.2s
  ✅ Best teacher saved → results/kanana/checkpoints/kanana-8b-2b-v4/teacher_ft_best_adapter
--- Teacher Epoch 3/3 ---
Teacher Training: 100%|█████████▉| 6092/6122 [1:45:29<00:31,  1.06s/it, loss=2.1003]
Teacher Training: 100%|█████████▉| 6092/6122 [1:45:30<00:31,  1.06s/it, loss=1.5435]
Teacher Training: 100%|█████████▉| 6093/6122 [1:45:30<00:30,  1.07s/it, loss=1.5435]
Teacher Training: 100%|█████████▉| 6093/6122 [1:45:31<00:30,  1.07s/it, loss=2.0076]
Teacher Training: 100%|█████████▉| 6094/6122 [1:45:31<00:29,  1.06s/it, loss=2.0076]
Teacher Training: 100%|█████████▉| 6094/6122 [1:45:32<00:29,  1.06s/it, loss=1.3204]
Teacher Training: 100%|█████████▉| 6095/6122 [1:45:32<00:28,  1.06s/it, loss=1.3204]
Teacher Training: 100%|█████████▉| 6095/6122 [1:45:33<00:28,  1.06s/it, loss=2.3488]
Teacher Training: 100%|█████████▉| 6096/6122 [1:45:33<00:27,  1.06s/it, loss=2.3488]
Teacher Training: 100%|█████████▉| 6096/6122 [1:45:34<00:27,  1.06s/it, loss=1.0078]
Teacher Training: 100%|█████████▉| 6097/6122 [1:45:34<00:26,  1.06s/it, loss=1.0078]
Teacher Training: 100%|█████████▉| 6097/6122 [1:45:35<00:26,  1.06s/it, loss=1.8497]
Teacher Training: 100%|█████████▉| 6098/6122 [1:45:35<00:25,  1.06s/it, loss=1.8497]
Teacher Training: 100%|█████████▉| 6098/6122 [1:45:36<00:25,  1.06s/it, loss=2.0434]
Teacher Training: 100%|█████████▉| 6099/6122 [1:45:36<00:24,  1.06s/it, loss=2.0434]
Teacher Training: 100%|█████████▉| 6099/6122 [1:45:37<00:24,  1.06s/it, loss=1.7890]
Teacher Training: 100%|█████████▉| 6100/6122 [1:45:37<00:23,  1.06s/it, loss=1.7890]
Teacher Training: 100%|█████████▉| 6100/6122 [1:45:38<00:23,  1.06s/it, loss=2.1190]
Teacher Training: 100%|█████████▉| 6101/6122 [1:45:38<00:22,  1.06s/it, loss=2.1190]
Teacher Training: 100%|█████████▉| 6101/6122 [1:45:39<00:22,  1.06s/it, loss=1.0010]
Teacher Training: 100%|█████████▉| 6102/6122 [1:45:39<00:21,  1.06s/it, loss=1.0010]
Teacher Training: 100%|█████████▉| 6102/6122 [1:45:40<00:21,  1.06s/it, loss=1.6097]
Teacher Training: 100%|█████████▉| 6103/6122 [1:45:40<00:20,  1.06s/it, loss=1.6097]
Teacher Training: 100%|█████████▉| 6103/6122 [1:45:42<00:20,  1.06s/it, loss=1.8284]
Teacher Training: 100%|█████████▉| 6104/6122 [1:45:42<00:19,  1.06s/it, loss=1.8284]
Teacher Training: 100%|█████████▉| 6104/6122 [1:45:43<00:19,  1.06s/it, loss=1.3988]
Teacher Training: 100%|█████████▉| 6105/6122 [1:45:43<00:18,  1.06s/it, loss=1.3988]
Teacher Training: 100%|█████████▉| 6105/6122 [1:45:44<00:18,  1.06s/it, loss=2.5005]
Teacher Training: 100%|█████████▉| 6106/6122 [1:45:44<00:16,  1.06s/it, loss=2.5005]
Teacher Training: 100%|█████████▉| 6106/6122 [1:45:45<00:16,  1.06s/it, loss=1.1971]
Teacher Training: 100%|█████████▉| 6107/6122 [1:45:45<00:15,  1.06s/it, loss=1.1971]
Teacher Training: 100%|█████████▉| 6107/6122 [1:45:46<00:15,  1.06s/it, loss=2.1564]
Teacher Training: 100%|█████████▉| 6108/6122 [1:45:46<00:14,  1.07s/it, loss=2.1564]
Teacher Training: 100%|█████████▉| 6108/6122 [1:45:47<00:14,  1.07s/it, loss=1.9195]
Teacher Training: 100%|█████████▉| 6109/6122 [1:45:47<00:13,  1.06s/it, loss=1.9195]
Teacher Training: 100%|█████████▉| 6109/6122 [1:45:48<00:13,  1.06s/it, loss=0.9014]
Teacher Training: 100%|█████████▉| 6110/6122 [1:45:48<00:12,  1.06s/it, loss=0.9014]
Teacher Training: 100%|█████████▉| 6110/6122 [1:45:49<00:12,  1.06s/it, loss=1.5168]
Teacher Training: 100%|█████████▉| 6111/6122 [1:45:49<00:11,  1.06s/it, loss=1.5168]
Teacher Training: 100%|█████████▉| 6111/6122 [1:45:50<00:11,  1.06s/it, loss=2.3936]
Teacher Training: 100%|█████████▉| 6112/6122 [1:45:50<00:10,  1.06s/it, loss=2.3936]
Teacher Training: 100%|█████████▉| 6112/6122 [1:45:51<00:10,  1.06s/it, loss=1.6313]
Teacher Training: 100%|█████████▉| 6113/6122 [1:45:51<00:09,  1.06s/it, loss=1.6313]
Teacher Training: 100%|█████████▉| 6113/6122 [1:45:52<00:09,  1.06s/it, loss=1.2975]
Teacher Training: 100%|█████████▉| 6114/6122 [1:45:52<00:08,  1.06s/it, loss=1.2975]
Teacher Training: 100%|█████████▉| 6114/6122 [1:45:53<00:08,  1.06s/it, loss=1.6944]
Teacher Training: 100%|█████████▉| 6115/6122 [1:45:53<00:07,  1.06s/it, loss=1.6944]
Teacher Training: 100%|█████████▉| 6115/6122 [1:45:54<00:07,  1.06s/it, loss=2.2030]
Teacher Training: 100%|█████████▉| 6116/6122 [1:45:54<00:06,  1.07s/it, loss=2.2030]
Teacher Training: 100%|█████████▉| 6116/6122 [1:45:55<00:06,  1.07s/it, loss=1.5242]
Teacher Training: 100%|█████████▉| 6117/6122 [1:45:55<00:05,  1.07s/it, loss=1.5242]
Teacher Training: 100%|█████████▉| 6117/6122 [1:45:56<00:05,  1.07s/it, loss=2.2747]
Teacher Training: 100%|█████████▉| 6118/6122 [1:45:56<00:04,  1.07s/it, loss=2.2747]
Teacher Training: 100%|█████████▉| 6118/6122 [1:45:58<00:04,  1.07s/it, loss=1.0806]
Teacher Training: 100%|█████████▉| 6119/6122 [1:45:58<00:03,  1.06s/it, loss=1.0806]
Teacher Training: 100%|█████████▉| 6119/6122 [1:45:59<00:03,  1.06s/it, loss=2.9965]
Teacher Training: 100%|█████████▉| 6120/6122 [1:45:59<00:02,  1.06s/it, loss=2.9965]
Teacher Training: 100%|█████████▉| 6120/6122 [1:46:00<00:02,  1.06s/it, loss=1.5647]
Teacher Training: 100%|█████████▉| 6121/6122 [1:46:00<00:01,  1.06s/it, loss=1.5647]
Teacher Training: 100%|█████████▉| 6121/6122 [1:46:01<00:01,  1.06s/it, loss=2.1375]
Teacher Training: 100%|██████████| 6122/6122 [1:46:01<00:00,  1.06s/it, loss=2.1375]
Teacher Validation: 100%|█████████▉| 385/386 [02:12<00:00,  2.89it/s]
Teacher Validation: 100%|██████████| 386/386 [02:13<00:00,  2.88it/s]
  Train CE Loss: 1.6830
  Val CE Loss:   1.7801
  Time: 6494.6s
  ⏹ Early stopping: validation CE did not improve for 1 epoch(s).
Teacher 학습 로그 저장 → results/kanana/logs/kanana-8b-2b-v4/teacher_history.json
✅ 파이프라인 완료!
   결과: results/kanana/logs/kanana-8b-2b-v4
   차트: results/kanana/figures/kanana-8b-2b-v4
