W0927 09:28:26.671000 140439996764160 torch/distributed/run.py:757]
W0927 09:28:26.671000 140439996764160 torch/distributed/run.py:757] *****************************************
W0927 09:28:26.671000 140439996764160 torch/distributed/run.py:757] Setting OMP_NUM_THREADS environment variable for each process to be 1 in default, to avoid your system being overloaded, please further tune the variable for optimal performance in your application as needed.
W0927 09:28:26.671000 140439996764160 torch/distributed/run.py:757] *****************************************
📄 configs/gemma3_12b_1b_3090x4_v4.yaml | step=distill | run_id=gemma3-12b-1b-v4
   Teacher: google/gemma-3-12b-pt (quant=int8)
   Student: google/gemma-3-1b-pt
   kd_top_k=128, T=2.0, α=0.5, forward_kl/tokenmean
==================================================
STEP 2/5: Knowledge Distillation
==================================================
=== Knowledge Distillation ===
Device: cuda:0
Teacher: google/gemma-3-12b-pt → Student: google/gemma-3-1b-pt
T=2.0, α=0.5, lr=1e-05
Epochs: 4, Batch: 1, SeqLen: 256
==================================================
STEP 2/5: Knowledge Distillation
==================================================
=== Knowledge Distillation ===
Device: cuda:1
Teacher: google/gemma-3-12b-pt → Student: google/gemma-3-1b-pt
T=2.0, α=0.5, lr=1e-05
Epochs: 4, Batch: 1, SeqLen: 256
  KD vocabulary: 262,144 (tokenizer 262,145, teacher 262,208, student 262,144)
Saving the dataset (0/1 shards):   0%|          | 0/12256 [00:00<?, ? examples/s]
Saving the dataset (1/1 shards): 100%|██████████| 12256/12256 [00:00<00:00, 386239.52 examples/s]
Saving the dataset (1/1 shards): 100%|██████████| 12256/12256 [00:00<00:00, 383319.09 examples/s]
Saving the dataset (0/1 shards):   0%|          | 0/773 [00:00<?, ? examples/s]
Saving the dataset (1/1 shards): 100%|██████████| 773/773 [00:00<00:00, 184561.79 examples/s]
Saving the dataset (1/1 shards): 100%|██████████| 773/773 [00:00<00:00, 180082.04 examples/s]
Saving the dataset (0/1 shards):   0%|          | 0/832 [00:00<?, ? examples/s]
Saving the dataset (1/1 shards): 100%|██████████| 832/832 [00:00<00:00, 212693.42 examples/s]
Saving the dataset (1/1 shards): 100%|██████████| 832/832 [00:00<00:00, 207175.31 examples/s]
Train: 12256 samples
Val:   773 samples
Train: 12256 samples
Val:   773 samples
  ✅ Teacher LoRA adapter 로드 (병합 없음, 양자화) → results/gemma3/checkpoints/gemma3-12b-1b-v4/teacher_ft_best_adapter
  ✅ Teacher LoRA adapter 로드 (병합 없음, 양자화) → results/gemma3/checkpoints/gemma3-12b-1b-v4/teacher_ft_best_adapter
[Teacher]
  파라미터: 12,208,558,704 (학습 가능: 0)
  메모리: 13290.1 MB
  디바이스: cuda:2
[Student]
  파라미터: 999,885,952 (학습 가능: 999,885,952)
  메모리: 1999.8 MB
  디바이스: cuda:0
  ⏯  epoch 2 까지의 상태를 복원했습니다 → results/gemma3/checkpoints/gemma3-12b-1b-v4/distill_last.pt
--- Epoch 3/4 ---
  Train Loss: 1.1321 (CE: 1.6171, KD: 0.6470)
  Val Loss:   1.5015 (CE: 2.1721)
  Time: 11130.3s
  ⏹ Early stopping: validation CE did not improve for 1 epoch(s).
학습 로그 저장 → results/gemma3/logs/gemma3-12b-1b-v4/distill_history.json
✅ 파이프라인 완료!
   결과: results/gemma3/logs/gemma3-12b-1b-v4
   차트: results/gemma3/figures/gemma3-12b-1b-v4
