
############ v4 러너 시작 — 2026-09-26 18:37:58 ############

==================================================================
 STEP 1a  Teacher FT (QLoRA nf4, GPU 0,1)  (18:37:58)
==================================================================

==================================================================
 STEP 1b  Student SFT (GPU 2,3)  (18:37:58)
==================================================================
❌ Teacher FT
❌ Student SFT
❌ STEP 1 실패로 멈춥니다. 원인을 해결한 뒤 같은 명령으로 다시 실행하면 이어갑니다.
PIPELINE_FAILED

############ v4 러너 시작 — 2026-09-26 18:38:16 ############

==================================================================
 STEP 1a  Teacher FT (QLoRA nf4, GPU 0,1)  (18:38:16)
==================================================================

==================================================================
 STEP 1b  Student SFT (GPU 2,3)  (18:38:16)
==================================================================
✅ Teacher FT (03:09:34)
✅ Student SFT (03:09:34)

==================================================================
 STEP 2  KD (Student GPU 0,1 / Teacher int8 GPU 2,3)  (03:09:34)
==================================================================

############ v4 러너 시작 — 2026-09-27 09:28:25 ############
⏭️  Teacher FT 완료됨
⏭️  Student SFT 완료됨

==================================================================
 STEP 2  KD (Student GPU 0,1 / Teacher int8 GPU 2,3)  (09:28:25)
==================================================================
✅ KD (12:35:08)

==================================================================
 STEP 3  평가 + 비교 + paired bootstrap  (12:35:08)
==================================================================
✅ 평가 / 비교 / bootstrap (12:53:41)

PIPELINE_DONE  2026-09-27 12:53:41
