W0926 18:38:18.158000 139850971492352 torch/distributed/run.py:757]
W0926 18:38:18.158000 139850971492352 torch/distributed/run.py:757] *****************************************
W0926 18:38:18.158000 139850971492352 torch/distributed/run.py:757] Setting OMP_NUM_THREADS environment variable for each process to be 1 in default, to avoid your system being overloaded, please further tune the variable for optimal performance in your application as needed.
W0926 18:38:18.158000 139850971492352 torch/distributed/run.py:757] *****************************************
📄 configs/gemma3_12b_1b_3090x4_v4.yaml | step=train_teacher | run_id=gemma3-12b-1b-v4
   Teacher: google/gemma-3-12b-pt (quant=int8)
   Student: google/gemma-3-1b-pt
   kd_top_k=128, T=2.0, α=0.5, forward_kl/tokenmean
==================================================
STEP 1/5: Teacher Fine-tuning
==================================================
=== Teacher Fine-tuning ===
Device: cuda:0
Teacher: google/gemma-3-12b-pt
lr=2e-05, epochs=3
Batch: 1, SeqLen: 256
==================================================
STEP 1/5: Teacher Fine-tuning
==================================================
=== Teacher Fine-tuning ===
Device: cuda:1
Teacher: google/gemma-3-12b-pt
lr=2e-05, epochs=3
Batch: 1, SeqLen: 256
Train: 12256 samples
Val:   773 samples
Train: 12256 samples
Val:   773 samples
[Teacher (FT)]
  파라미터: 6,623,828,592 (학습 가능: 21,233,664)
  메모리: 9741.1 MB
  디바이스: cuda:0
--- Teacher Epoch 1/3 ---
`use_cache=True` is incompatible with gradient checkpointing. Setting `use_cache=False`.
  Train CE Loss: 1.8398
  Val CE Loss:   1.8504
  Time: 10224.1s
  ✅ Best teacher saved → results/gemma3/checkpoints/gemma3-12b-1b-v4/teacher_ft_best_adapter
--- Teacher Epoch 2/3 ---
  Train CE Loss: 1.7645
  Val CE Loss:   1.8334
  Time: 10200.6s
  ✅ Best teacher saved → results/gemma3/checkpoints/gemma3-12b-1b-v4/teacher_ft_best_adapter
--- Teacher Epoch 3/3 ---
  Train CE Loss: 1.7178
  Val CE Loss:   1.8279
  Time: 10221.0s
  ✅ Best teacher saved → results/gemma3/checkpoints/gemma3-12b-1b-v4/teacher_ft_best_adapter
Teacher 학습 로그 저장 → results/gemma3/logs/gemma3-12b-1b-v4/teacher_history.json
✅ 파이프라인 완료!
   결과: results/gemma3/logs/gemma3-12b-1b-v4
   차트: results/gemma3/figures/gemma3-12b-1b-v4
